// Jest Snapshot v1, https://goo.gl/fbAQLP

exports[`MonacoEditorLoader should generate correct Monaco entry source: monaco-editor-api-javascript-css-json-html-php 1`] = `
"// Setup Monaco Environment to load workers
const base = "" || __webpack_public_path__;
const paths = {
    "editorWorkerService": "editor.worker.js",
    "css": "css.worker.js",
    "html": "html.worker.js",
    "json": "json.worker.js",
    "typescript": "ts.worker.js",
    "javascript": "ts.worker.js"
};

function getWorkerUrl(id, label) {
    if (!paths.hasOwnProperty(label))
        throw new Error(\`The \${label} worker was not found. Supported workers: \${Object.keys(paths).join(', ')}\`);
    const path = paths[label];
    const url = new URL(path, new URL(base, location.origin));
    if (url.origin === location.origin)
        return url;
    return URL.createObjectURL(new Blob([\`import '\${url}';\`], { type: 'text/javascript' }));
}

self.MonacoEnvironment = {
    globalAPI: false,
    getWorkerUrl,
};

// Import feature modules
import "./contrib/anchorSelect/browser/anchorSelect.js";
import "./contrib/bracketMatching/browser/bracketMatching.js";
import "./browser/coreCommands.js";
import "./contrib/caretOperations/browser/caretOperations.js";
import "./contrib/caretOperations/browser/transpose.js";
import "./contrib/clipboard/browser/clipboard.js";
import "./contrib/codeAction/browser/codeActionContributions.js";
import "./browser/widget/codeEditor/codeEditorWidget.js";
import "./contrib/codelens/browser/codelensController.js";
import "./contrib/colorPicker/browser/colorContributions.js";
import "./contrib/colorPicker/browser/standaloneColorPickerActions.js";
import "./contrib/comment/browser/comment.js";
import "./contrib/contextmenu/browser/contextmenu.js";
import "./contrib/cursorUndo/browser/cursorUndo.js";
import "./browser/widget/diffEditor/diffEditor.contribution.js";
import "./contrib/diffEditorBreadcrumbs/browser/contribution.js";
import "./contrib/dnd/browser/dnd.js";
import "./contrib/documentSymbols/browser/documentSymbols.js";
import "./contrib/dropOrPasteInto/browser/copyPasteContribution.js";
import "./contrib/dropOrPasteInto/browser/dropIntoEditorContribution.js";
import "./contrib/find/browser/findController.js";
import "./contrib/folding/browser/folding.js";
import "./contrib/fontZoom/browser/fontZoom.js";
import "./contrib/format/browser/formatActions.js";
import "./contrib/gotoError/browser/gotoError.js";
import "./standalone/browser/quickAccess/standaloneGotoLineQuickAccess.js";
import "./contrib/gotoSymbol/browser/goToCommands.js";
import "./contrib/gotoSymbol/browser/link/goToDefinitionAtPosition.js";
import "./contrib/hover/browser/hoverContribution.js";
import "./standalone/browser/iPadShowKeyboard/iPadShowKeyboard.js";
import "./contrib/inPlaceReplace/browser/inPlaceReplace.js";
import "./contrib/indentation/browser/indentation.js";
import "./contrib/inlayHints/browser/inlayHintsContribution.js";
import "./contrib/inlineCompletions/browser/inlineCompletions.contribution.js";
import "./contrib/inlineEdit/browser/inlineEdit.contribution.js";
import "./contrib/inlineEdits/browser/inlineEdits.contribution.js";
import "./contrib/inlineProgress/browser/inlineProgress.js";
import "./standalone/browser/inspectTokens/inspectTokens.js";
import "./contrib/lineSelection/browser/lineSelection.js";
import "./contrib/linesOperations/browser/linesOperations.js";
import "./contrib/linkedEditing/browser/linkedEditing.js";
import "./contrib/links/browser/links.js";
import "./contrib/longLinesHelper/browser/longLinesHelper.js";
import "./contrib/multicursor/browser/multicursor.js";
import "./contrib/parameterHints/browser/parameterHints.js";
import "./contrib/placeholderText/browser/placeholderText.contribution.js";
import "./standalone/browser/quickAccess/standaloneCommandsQuickAccess.js";
import "./standalone/browser/quickAccess/standaloneHelpQuickAccess.js";
import "./standalone/browser/quickAccess/standaloneGotoSymbolQuickAccess.js";
import "./contrib/readOnlyMessage/browser/contribution.js";
import "./standalone/browser/referenceSearch/standaloneReferenceSearch.js";
import "./contrib/rename/browser/rename.js";
import "./contrib/sectionHeaders/browser/sectionHeaders.js";
import "./contrib/semanticTokens/browser/documentSemanticTokens.js";
import "./contrib/semanticTokens/browser/viewportSemanticTokens.js";
import "./contrib/smartSelect/browser/smartSelect.js";
import "./contrib/snippet/browser/snippetController2.js";
import "./contrib/stickyScroll/browser/stickyScrollContribution.js";
import "./contrib/suggest/browser/suggestController.js";
import "./contrib/suggest/browser/suggestInlineCompletions.js";
import "./standalone/browser/toggleHighContrast/toggleHighContrast.js";
import "./contrib/toggleTabFocusMode/browser/toggleTabFocusMode.js";
import "./contrib/tokenization/browser/tokenization.js";
import "./contrib/unicodeHighlighter/browser/unicodeHighlighter.js";
import "./contrib/unusualLineTerminators/browser/unusualLineTerminators.js";
import "./contrib/wordHighlighter/browser/wordHighlighter.js";
import "./contrib/wordOperations/browser/wordOperations.js";
import "./contrib/wordPartOperations/browser/wordPartOperations.js";

// Import Monaco Editor core
import * as monaco from "!!./editor.api.js";

// Import language modules
import "../basic-languages/css/css.contribution.js";
import "../language/css/monaco.contribution.js";
import "../basic-languages/html/html.contribution.js";
import "../language/html/monaco.contribution.js";
import "../basic-languages/javascript/javascript.contribution.js";
import "../language/json/monaco.contribution.js";
import "../basic-languages/php/php.contribution.js";
import "../basic-languages/typescript/typescript.contribution.js";
import "../language/typescript/monaco.contribution.js";

// Export Monaco Editor API
export * from "!!./editor.api.js";
export default monaco;"
`;
